** Drc report for sd-led-card.kicad_pcb **
** Created on 2026-05-26T00:41:04 **
** Report includes: Errors, Warnings **

** Found 203 DRC violations **
[annular_width]: Annular width (board setup constraints min annular width 0.1000 mm; actual 0.0900 mm)
    Rule: board setup constraints; error
    @(41.8000 mm, 62.5000 mm): Via [<no net>] on F.Cu - B.Cu
[annular_width]: Annular width (board setup constraints min annular width 0.1000 mm; actual 0.0750 mm)
    Rule: board setup constraints; error
    @(45.6000 mm, 56.2000 mm): Via [<no net>] on F.Cu - B.Cu
[annular_width]: Annular width (board setup constraints min annular width 0.1000 mm; actual 0.0750 mm)
    Rule: board setup constraints; error
    @(60.0000 mm, 57.1000 mm): Via [<no net>] on F.Cu - B.Cu
[annular_width]: Annular width (board setup constraints min annular width 0.1000 mm; actual 0.0750 mm)
    Rule: board setup constraints; error
    @(54.3000 mm, 43.8000 mm): Via [<no net>] on F.Cu - B.Cu
[annular_width]: Annular width (board setup constraints min annular width 0.1000 mm; actual 0.0900 mm)
    Rule: board setup constraints; error
    @(52.6000 mm, 62.5000 mm): Via [<no net>] on F.Cu - B.Cu
[annular_width]: Annular width (board setup constraints min annular width 0.1000 mm; actual 0.0750 mm)
    Rule: board setup constraints; error
    @(44.0000 mm, 51.6000 mm): Via [<no net>] on F.Cu - B.Cu
[annular_width]: Annular width (board setup constraints min annular width 0.1000 mm; actual 0.0900 mm)
    Rule: board setup constraints; error
    @(43.8000 mm, 62.5000 mm): Via [<no net>] on F.Cu - B.Cu
[annular_width]: Annular width (board setup constraints min annular width 0.1000 mm; actual 0.0900 mm)
    Rule: board setup constraints; error
    @(47.4000 mm, 62.5000 mm): Via [<no net>] on F.Cu - B.Cu
[annular_width]: Annular width (board setup constraints min annular width 0.1000 mm; actual 0.0900 mm)
    Rule: board setup constraints; error
    @(40.2000 mm, 62.5000 mm): Via [<no net>] on F.Cu - B.Cu
[annular_width]: Annular width (board setup constraints min annular width 0.1000 mm; actual 0.0750 mm)
    Rule: board setup constraints; error
    @(47.2000 mm, 42.8000 mm): Via [<no net>] on F.Cu - B.Cu
[annular_width]: Annular width (board setup constraints min annular width 0.1000 mm; actual 0.0750 mm)
    Rule: board setup constraints; error
    @(51.4000 mm, 42.4000 mm): Via [<no net>] on F.Cu - B.Cu
[annular_width]: Annular width (board setup constraints min annular width 0.1000 mm; actual 0.0750 mm)
    Rule: board setup constraints; error
    @(55.8000 mm, 57.4000 mm): Via [<no net>] on F.Cu - B.Cu
[annular_width]: Annular width (board setup constraints min annular width 0.1000 mm; actual 0.0900 mm)
    Rule: board setup constraints; error
    @(49.0000 mm, 62.5000 mm): Via [<no net>] on F.Cu - B.Cu
[annular_width]: Annular width (board setup constraints min annular width 0.1000 mm; actual 0.0750 mm)
    Rule: board setup constraints; error
    @(58.6000 mm, 44.2000 mm): Via [<no net>] on F.Cu - B.Cu
[annular_width]: Annular width (board setup constraints min annular width 0.1000 mm; actual 0.0900 mm)
    Rule: board setup constraints; error
    @(58.2000 mm, 62.5000 mm): Via [<no net>] on F.Cu - B.Cu
[annular_width]: Annular width (board setup constraints min annular width 0.1000 mm; actual 0.0900 mm)
    Rule: board setup constraints; error
    @(45.4000 mm, 62.5000 mm): Via [<no net>] on F.Cu - B.Cu
[annular_width]: Annular width (board setup constraints min annular width 0.1000 mm; actual 0.0900 mm)
    Rule: board setup constraints; error
    @(59.8000 mm, 62.5000 mm): Via [<no net>] on F.Cu - B.Cu
[annular_width]: Annular width (board setup constraints min annular width 0.1000 mm; actual 0.0750 mm)
    Rule: board setup constraints; error
    @(48.6000 mm, 55.7000 mm): Via [<no net>] on F.Cu - B.Cu
[annular_width]: Annular width (board setup constraints min annular width 0.1000 mm; actual 0.0900 mm)
    Rule: board setup constraints; error
    @(54.6000 mm, 62.5000 mm): Via [<no net>] on F.Cu - B.Cu
[annular_width]: Annular width (board setup constraints min annular width 0.1000 mm; actual 0.0750 mm)
    Rule: board setup constraints; error
    @(42.8000 mm, 45.3000 mm): Via [<no net>] on F.Cu - B.Cu
[annular_width]: Annular width (board setup constraints min annular width 0.1000 mm; actual 0.0900 mm)
    Rule: board setup constraints; error
    @(51.0000 mm, 62.5000 mm): Via [<no net>] on F.Cu - B.Cu
[annular_width]: Annular width (board setup constraints min annular width 0.1000 mm; actual 0.0750 mm)
    Rule: board setup constraints; error
    @(40.8000 mm, 42.0000 mm): Via [<no net>] on F.Cu - B.Cu
[annular_width]: Annular width (board setup constraints min annular width 0.1000 mm; actual 0.0750 mm)
    Rule: board setup constraints; error
    @(52.8000 mm, 55.9000 mm): Via [<no net>] on F.Cu - B.Cu
[annular_width]: Annular width (board setup constraints min annular width 0.1000 mm; actual 0.0900 mm)
    Rule: board setup constraints; error
    @(56.2000 mm, 62.5000 mm): Via [<no net>] on F.Cu - B.Cu
[clearance]: Clearance violation ( clearance 0.1500 mm; actual 0.0070 mm)
    Local override; error
    @(46.5500 mm, 46.6000 mm): Pad 1 [<no net>] of U1 on F.Cu
    @(45.9800 mm, 47.0000 mm): Pad 2 [<no net>] of C1 on F.Cu
[clearance]: Clearance violation ( clearance 0.1500 mm; actual 0.0646 mm)
    Local override; error
    @(54.1200 mm, 47.0000 mm): Pad 1 [<no net>] of C2 on F.Cu
    @(53.4500 mm, 47.4000 mm): Pad 43 [<no net>] of U1 on F.Cu
[clearance]: Clearance violation ( clearance 0.1500 mm; actual 0.0070 mm)
    Local override; error
    @(45.9800 mm, 47.0000 mm): Pad 2 [<no net>] of C1 on F.Cu
    @(46.5500 mm, 47.4000 mm): Pad 3 [<no net>] of U1 on F.Cu
[clearance]: Clearance violation ( clearance 0.1500 mm; actual 0.0000 mm)
    Local override; error
    @(54.1200 mm, 47.0000 mm): Pad 1 [<no net>] of C2 on F.Cu
    @(53.4500 mm, 47.0000 mm): Pad 44 [<no net>] of U1 on F.Cu
[clearance]: Clearance violation ( clearance 0.1500 mm; actual 0.0000 mm)
    Local override; error
    @(45.9800 mm, 47.0000 mm): Pad 2 [<no net>] of C1 on F.Cu
    @(46.5500 mm, 47.0000 mm): Pad 2 [<no net>] of U1 on F.Cu
[clearance]: Clearance violation ( clearance 0.1500 mm; actual 0.0646 mm)
    Local override; error
    @(54.1200 mm, 47.0000 mm): Pad 1 [<no net>] of C2 on F.Cu
    @(53.4500 mm, 46.6000 mm): Pad 45 [<no net>] of U1 on F.Cu
[courtyards_overlap]: Courtyards overlap
    Rule: board setup constraints courtyard; error
    @(44.6000 mm, 64.7800 mm): Footprint D2
    @(41.0000 mm, 64.7800 mm): Footprint D1
[courtyards_overlap]: Courtyards overlap
    Rule: board setup constraints courtyard; error
    @(44.6000 mm, 64.7800 mm): Footprint D2
    @(48.2000 mm, 64.7800 mm): Footprint D3
[courtyards_overlap]: Courtyards overlap
    Rule: board setup constraints courtyard; error
    @(50.0000 mm, 49.4000 mm): Footprint U1
    @(45.5000 mm, 47.0000 mm): Footprint C1
[courtyards_overlap]: Courtyards overlap
    Rule: board setup constraints courtyard; error
    @(50.0000 mm, 49.4000 mm): Footprint U1
    @(54.6000 mm, 47.0000 mm): Footprint C2
[courtyards_overlap]: Courtyards overlap
    Rule: board setup constraints courtyard; error
    @(59.0000 mm, 64.7800 mm): Footprint D6
    @(55.4000 mm, 64.7800 mm): Footprint D5
[courtyards_overlap]: Courtyards overlap
    Rule: board setup constraints courtyard; error
    @(55.4000 mm, 64.7800 mm): Footprint D5
    @(51.8000 mm, 64.7800 mm): Footprint D4
[courtyards_overlap]: Courtyards overlap
    Rule: board setup constraints courtyard; error
    @(51.8000 mm, 64.7800 mm): Footprint D4
    @(48.2000 mm, 64.7800 mm): Footprint D3
[copper_edge_clearance]: Board edge clearance violation (board setup constraints edge clearance 0.5000 mm; actual 0.0000 mm)
    Rule: board setup constraints edge; error
    @(58.1464 mm, 34.1464 mm): Segment on Edge.Cuts
    @(59.0000 mm, 36.4000 mm): Pad 9 [<no net>] of J1 on F.Cu
[drill_out_of_range]: Hole size out of range (board setup constraints min hole 0.3000 mm; actual 0.1800 mm)
    Rule: netclass 'Default'; error
    @(41.8000 mm, 62.5000 mm): Via [<no net>] on F.Cu - B.Cu
[drill_out_of_range]: Hole size out of range (board setup constraints min hole 0.3000 mm; actual 0.1300 mm)
    Rule: netclass 'Default'; error
    @(45.6000 mm, 56.2000 mm): Via [<no net>] on F.Cu - B.Cu
[drill_out_of_range]: Hole size out of range (board setup constraints min hole 0.3000 mm; actual 0.1300 mm)
    Rule: netclass 'Default'; error
    @(60.0000 mm, 57.1000 mm): Via [<no net>] on F.Cu - B.Cu
[drill_out_of_range]: Hole size out of range (board setup constraints min hole 0.3000 mm; actual 0.1300 mm)
    Rule: netclass 'Default'; error
    @(54.3000 mm, 43.8000 mm): Via [<no net>] on F.Cu - B.Cu
[drill_out_of_range]: Hole size out of range (board setup constraints min hole 0.3000 mm; actual 0.2000 mm)
    Rule: netclass 'Default'; error
    @(58.6000 mm, 54.1000 mm): Via [<no net>] on F.Cu - B.Cu
[drill_out_of_range]: Hole size out of range (board setup constraints min hole 0.3000 mm; actual 0.1800 mm)
    Rule: netclass 'Default'; error
    @(52.6000 mm, 62.5000 mm): Via [<no net>] on F.Cu - B.Cu
[drill_out_of_range]: Hole size out of range (board setup constraints min hole 0.3000 mm; actual 0.1300 mm)
    Rule: netclass 'Default'; error
    @(44.0000 mm, 51.6000 mm): Via [<no net>] on F.Cu - B.Cu
[drill_out_of_range]: Hole size out of range (board setup constraints min hole 0.3000 mm; actual 0.1800 mm)
    Rule: netclass 'Default'; error
    @(43.8000 mm, 62.5000 mm): Via [<no net>] on F.Cu - B.Cu
[drill_out_of_range]: Hole size out of range (board setup constraints min hole 0.3000 mm; actual 0.1800 mm)
    Rule: netclass 'Default'; error
    @(47.4000 mm, 62.5000 mm): Via [<no net>] on F.Cu - B.Cu
[drill_out_of_range]: Hole size out of range (board setup constraints min hole 0.3000 mm; actual 0.1800 mm)
    Rule: netclass 'Default'; error
    @(40.2000 mm, 62.5000 mm): Via [<no net>] on F.Cu - B.Cu
[drill_out_of_range]: Hole size out of range (board setup constraints min hole 0.3000 mm; actual 0.1300 mm)
    Rule: netclass 'Default'; error
    @(47.2000 mm, 42.8000 mm): Via [<no net>] on F.Cu - B.Cu
[drill_out_of_range]: Hole size out of range (board setup constraints min hole 0.3000 mm; actual 0.1300 mm)
    Rule: netclass 'Default'; error
    @(51.4000 mm, 42.4000 mm): Via [<no net>] on F.Cu - B.Cu
[drill_out_of_range]: Hole size out of range (board setup constraints min hole 0.3000 mm; actual 0.2000 mm)
    Rule: netclass 'Default'; error
    @(56.4000 mm, 54.2000 mm): Via [<no net>] on F.Cu - B.Cu
[drill_out_of_range]: Hole size out of range (board setup constraints min hole 0.3000 mm; actual 0.1300 mm)
    Rule: netclass 'Default'; error
    @(55.8000 mm, 57.4000 mm): Via [<no net>] on F.Cu - B.Cu
[drill_out_of_range]: Hole size out of range (board setup constraints min hole 0.3000 mm; actual 0.1800 mm)
    Rule: netclass 'Default'; error
    @(49.0000 mm, 62.5000 mm): Via [<no net>] on F.Cu - B.Cu
[drill_out_of_range]: Hole size out of range (board setup constraints min hole 0.3000 mm; actual 0.2000 mm)
    Rule: netclass 'Default'; error
    @(57.5000 mm, 55.0000 mm): Via [<no net>] on F.Cu - B.Cu
[drill_out_of_range]: Hole size out of range (board setup constraints min hole 0.3000 mm; actual 0.1300 mm)
    Rule: netclass 'Default'; error
    @(58.6000 mm, 44.2000 mm): Via [<no net>] on F.Cu - B.Cu
[drill_out_of_range]: Hole size out of range (board setup constraints min hole 0.3000 mm; actual 0.1800 mm)
    Rule: netclass 'Default'; error
    @(58.2000 mm, 62.5000 mm): Via [<no net>] on F.Cu - B.Cu
[drill_out_of_range]: Hole size out of range (board setup constraints min hole 0.3000 mm; actual 0.1800 mm)
    Rule: netclass 'Default'; error
    @(45.4000 mm, 62.5000 mm): Via [<no net>] on F.Cu - B.Cu
[drill_out_of_range]: Hole size out of range (board setup constraints min hole 0.3000 mm; actual 0.2000 mm)
    Rule: netclass 'Default'; error
    @(59.5000 mm, 55.2500 mm): Via [<no net>] on F.Cu - B.Cu
[drill_out_of_range]: Hole size out of range (board setup constraints min hole 0.3000 mm; actual 0.1800 mm)
    Rule: netclass 'Default'; error
    @(59.8000 mm, 62.5000 mm): Via [<no net>] on F.Cu - B.Cu
[drill_out_of_range]: Hole size out of range (board setup constraints min hole 0.3000 mm; actual 0.1300 mm)
    Rule: netclass 'Default'; error
    @(48.6000 mm, 55.7000 mm): Via [<no net>] on F.Cu - B.Cu
[drill_out_of_range]: Hole size out of range (board setup constraints min hole 0.3000 mm; actual 0.1800 mm)
    Rule: netclass 'Default'; error
    @(54.6000 mm, 62.5000 mm): Via [<no net>] on F.Cu - B.Cu
[drill_out_of_range]: Hole size out of range (board setup constraints min hole 0.3000 mm; actual 0.1300 mm)
    Rule: netclass 'Default'; error
    @(42.8000 mm, 45.3000 mm): Via [<no net>] on F.Cu - B.Cu
[drill_out_of_range]: Hole size out of range (board setup constraints min hole 0.3000 mm; actual 0.1800 mm)
    Rule: netclass 'Default'; error
    @(51.0000 mm, 62.5000 mm): Via [<no net>] on F.Cu - B.Cu
[drill_out_of_range]: Hole size out of range (board setup constraints min hole 0.3000 mm; actual 0.1300 mm)
    Rule: netclass 'Default'; error
    @(40.8000 mm, 42.0000 mm): Via [<no net>] on F.Cu - B.Cu
[drill_out_of_range]: Hole size out of range (board setup constraints min hole 0.3000 mm; actual 0.1300 mm)
    Rule: netclass 'Default'; error
    @(52.8000 mm, 55.9000 mm): Via [<no net>] on F.Cu - B.Cu
[drill_out_of_range]: Hole size out of range (board setup constraints min hole 0.3000 mm; actual 0.1800 mm)
    Rule: netclass 'Default'; error
    @(56.2000 mm, 62.5000 mm): Via [<no net>] on F.Cu - B.Cu
[track_width]: Track width (board setup constraints min width 0.2000 mm; actual 0.1300 mm)
    Rule: netclass 'Default'; error
    @(52.0000 mm, 53.0000 mm): Track [<no net>] on F.Cu, length 12.7028 mm
[track_width]: Track width (board setup constraints min width 0.2000 mm; actual 0.1300 mm)
    Rule: netclass 'Default'; error
    @(48.8000 mm, 53.0000 mm): Track [<no net>] on F.Cu, length 11.4018 mm
[track_width]: Track width (board setup constraints min width 0.2000 mm; actual 0.1300 mm)
    Rule: netclass 'Default'; error
    @(47.4000 mm, 38.4000 mm): Track [<no net>] on F.Cu, length 7.2011 mm
[track_width]: Track width (board setup constraints min width 0.2000 mm; actual 0.1300 mm)
    Rule: netclass 'Default'; error
    @(49.8000 mm, 38.4000 mm): Track [<no net>] on F.Cu, length 7.0012 mm
[track_width]: Track width (board setup constraints min width 0.2000 mm; actual 0.1300 mm)
    Rule: netclass 'Default'; error
    @(49.6000 mm, 53.0000 mm): Track [<no net>] on F.Cu, length 10.6921 mm
[track_width]: Track width (board setup constraints min width 0.2000 mm; actual 0.1300 mm)
    Rule: netclass 'Default'; error
    @(48.0000 mm, 53.0000 mm): Track [<no net>] on F.Cu, length 12.7028 mm
[track_width]: Track width (board setup constraints min width 0.2000 mm; actual 0.1300 mm)
    Rule: netclass 'Default'; error
    @(45.0000 mm, 38.4000 mm): Track [<no net>] on F.Cu, length 7.7177 mm
[track_width]: Track width (board setup constraints min width 0.2000 mm; actual 0.1300 mm)
    Rule: netclass 'Default'; error
    @(59.0000 mm, 38.4000 mm): Track [<no net>] on F.Cu, length 9.1226 mm
[track_width]: Track width (board setup constraints min width 0.2000 mm; actual 0.1300 mm)
    Rule: netclass 'Default'; error
    @(42.6000 mm, 38.4000 mm): Track [<no net>] on F.Cu, length 8.4933 mm
[track_width]: Track width (board setup constraints min width 0.2000 mm; actual 0.1300 mm)
    Rule: netclass 'Default'; error
    @(54.6000 mm, 38.4000 mm): Track [<no net>] on F.Cu, length 7.6118 mm
[track_width]: Track width (board setup constraints min width 0.2000 mm; actual 0.1300 mm)
    Rule: netclass 'Default'; error
    @(50.4000 mm, 53.0000 mm): Track [<no net>] on F.Cu, length 10.6921 mm
[track_width]: Track width (board setup constraints min width 0.2000 mm; actual 0.1300 mm)
    Rule: netclass 'Default'; error
    @(51.2000 mm, 53.0000 mm): Track [<no net>] on F.Cu, length 11.4018 mm
[track_width]: Track width (board setup constraints min width 0.2000 mm; actual 0.1300 mm)
    Rule: netclass 'Default'; error
    @(40.2000 mm, 38.4000 mm): Track [<no net>] on F.Cu, length 9.4645 mm
[track_width]: Track width (board setup constraints min width 0.2000 mm; actual 0.1300 mm)
    Rule: netclass 'Default'; error
    @(52.2000 mm, 38.4000 mm): Track [<no net>] on F.Cu, length 7.1446 mm
[track_width]: Track width (board setup constraints min width 0.2000 mm; actual 0.1300 mm)
    Rule: netclass 'Default'; error
    @(57.0000 mm, 38.4000 mm): Track [<no net>] on F.Cu, length 8.3488 mm
[via_diameter]: Via diameter (board setup constraints min diameter 0.5000 mm; actual 0.3600 mm)
    Rule: netclass 'Default'; error
    @(41.8000 mm, 62.5000 mm): Via [<no net>] on F.Cu - B.Cu
[via_diameter]: Via diameter (board setup constraints min diameter 0.5000 mm; actual 0.2800 mm)
    Rule: netclass 'Default'; error
    @(45.6000 mm, 56.2000 mm): Via [<no net>] on F.Cu - B.Cu
[via_diameter]: Via diameter (board setup constraints min diameter 0.5000 mm; actual 0.2800 mm)
    Rule: netclass 'Default'; error
    @(60.0000 mm, 57.1000 mm): Via [<no net>] on F.Cu - B.Cu
[via_diameter]: Via diameter (board setup constraints min diameter 0.5000 mm; actual 0.2800 mm)
    Rule: netclass 'Default'; error
    @(54.3000 mm, 43.8000 mm): Via [<no net>] on F.Cu - B.Cu
[via_diameter]: Via diameter (board setup constraints min diameter 0.5000 mm; actual 0.4500 mm)
    Rule: netclass 'Default'; error
    @(58.6000 mm, 54.1000 mm): Via [<no net>] on F.Cu - B.Cu
[via_diameter]: Via diameter (board setup constraints min diameter 0.5000 mm; actual 0.3600 mm)
    Rule: netclass 'Default'; error
    @(52.6000 mm, 62.5000 mm): Via [<no net>] on F.Cu - B.Cu
[via_diameter]: Via diameter (board setup constraints min diameter 0.5000 mm; actual 0.2800 mm)
    Rule: netclass 'Default'; error
    @(44.0000 mm, 51.6000 mm): Via [<no net>] on F.Cu - B.Cu
[via_diameter]: Via diameter (board setup constraints min diameter 0.5000 mm; actual 0.3600 mm)
    Rule: netclass 'Default'; error
    @(43.8000 mm, 62.5000 mm): Via [<no net>] on F.Cu - B.Cu
[via_diameter]: Via diameter (board setup constraints min diameter 0.5000 mm; actual 0.3600 mm)
    Rule: netclass 'Default'; error
    @(47.4000 mm, 62.5000 mm): Via [<no net>] on F.Cu - B.Cu
[via_diameter]: Via diameter (board setup constraints min diameter 0.5000 mm; actual 0.3600 mm)
    Rule: netclass 'Default'; error
    @(40.2000 mm, 62.5000 mm): Via [<no net>] on F.Cu - B.Cu
[via_diameter]: Via diameter (board setup constraints min diameter 0.5000 mm; actual 0.2800 mm)
    Rule: netclass 'Default'; error
    @(47.2000 mm, 42.8000 mm): Via [<no net>] on F.Cu - B.Cu
[via_diameter]: Via diameter (board setup constraints min diameter 0.5000 mm; actual 0.2800 mm)
    Rule: netclass 'Default'; error
    @(51.4000 mm, 42.4000 mm): Via [<no net>] on F.Cu - B.Cu
[via_diameter]: Via diameter (board setup constraints min diameter 0.5000 mm; actual 0.4500 mm)
    Rule: netclass 'Default'; error
    @(56.4000 mm, 54.2000 mm): Via [<no net>] on F.Cu - B.Cu
[via_diameter]: Via diameter (board setup constraints min diameter 0.5000 mm; actual 0.2800 mm)
    Rule: netclass 'Default'; error
    @(55.8000 mm, 57.4000 mm): Via [<no net>] on F.Cu - B.Cu
[via_diameter]: Via diameter (board setup constraints min diameter 0.5000 mm; actual 0.3600 mm)
    Rule: netclass 'Default'; error
    @(49.0000 mm, 62.5000 mm): Via [<no net>] on F.Cu - B.Cu
[via_diameter]: Via diameter (board setup constraints min diameter 0.5000 mm; actual 0.4500 mm)
    Rule: netclass 'Default'; error
    @(57.5000 mm, 55.0000 mm): Via [<no net>] on F.Cu - B.Cu
[via_diameter]: Via diameter (board setup constraints min diameter 0.5000 mm; actual 0.2800 mm)
    Rule: netclass 'Default'; error
    @(58.6000 mm, 44.2000 mm): Via [<no net>] on F.Cu - B.Cu
[via_diameter]: Via diameter (board setup constraints min diameter 0.5000 mm; actual 0.3600 mm)
    Rule: netclass 'Default'; error
    @(58.2000 mm, 62.5000 mm): Via [<no net>] on F.Cu - B.Cu
[via_diameter]: Via diameter (board setup constraints min diameter 0.5000 mm; actual 0.3600 mm)
    Rule: netclass 'Default'; error
    @(45.4000 mm, 62.5000 mm): Via [<no net>] on F.Cu - B.Cu
[via_diameter]: Via diameter (board setup constraints min diameter 0.5000 mm; actual 0.4500 mm)
    Rule: netclass 'Default'; error
    @(59.5000 mm, 55.2500 mm): Via [<no net>] on F.Cu - B.Cu
[via_diameter]: Via diameter (board setup constraints min diameter 0.5000 mm; actual 0.3600 mm)
    Rule: netclass 'Default'; error
    @(59.8000 mm, 62.5000 mm): Via [<no net>] on F.Cu - B.Cu
[via_diameter]: Via diameter (board setup constraints min diameter 0.5000 mm; actual 0.2800 mm)
    Rule: netclass 'Default'; error
    @(48.6000 mm, 55.7000 mm): Via [<no net>] on F.Cu - B.Cu
[via_diameter]: Via diameter (board setup constraints min diameter 0.5000 mm; actual 0.3600 mm)
    Rule: netclass 'Default'; error
    @(54.6000 mm, 62.5000 mm): Via [<no net>] on F.Cu - B.Cu
[via_diameter]: Via diameter (board setup constraints min diameter 0.5000 mm; actual 0.2800 mm)
    Rule: netclass 'Default'; error
    @(42.8000 mm, 45.3000 mm): Via [<no net>] on F.Cu - B.Cu
[via_diameter]: Via diameter (board setup constraints min diameter 0.5000 mm; actual 0.3600 mm)
    Rule: netclass 'Default'; error
    @(51.0000 mm, 62.5000 mm): Via [<no net>] on F.Cu - B.Cu
[via_diameter]: Via diameter (board setup constraints min diameter 0.5000 mm; actual 0.2800 mm)
    Rule: netclass 'Default'; error
    @(40.8000 mm, 42.0000 mm): Via [<no net>] on F.Cu - B.Cu
[via_diameter]: Via diameter (board setup constraints min diameter 0.5000 mm; actual 0.2800 mm)
    Rule: netclass 'Default'; error
    @(52.8000 mm, 55.9000 mm): Via [<no net>] on F.Cu - B.Cu
[via_diameter]: Via diameter (board setup constraints min diameter 0.5000 mm; actual 0.3600 mm)
    Rule: netclass 'Default'; error
    @(56.2000 mm, 62.5000 mm): Via [<no net>] on F.Cu - B.Cu
[solder_mask_bridge]: Front solder mask aperture bridges items with different nets
    Rule: board setup solder mask min width; error
    @(50.4000 mm, 53.0000 mm): Track [<no net>] on F.Cu, length 10.6921 mm
    @(50.4000 mm, 52.8500 mm): Pad 24 [<no net>] of U1 on F.Cu
[solder_mask_bridge]: Front solder mask aperture bridges items with different nets
    Rule: board setup solder mask min width; error
    @(45.9800 mm, 47.0000 mm): Pad 2 [<no net>] of C1 on F.Cu
    @(46.5500 mm, 47.0000 mm): Pad 2 [<no net>] of U1 on F.Cu
[solder_mask_bridge]: Front solder mask aperture bridges items with different nets
    Rule: board setup solder mask min width; error
    @(54.1200 mm, 47.0000 mm): Pad 1 [<no net>] of C2 on F.Cu
    @(53.4500 mm, 47.0000 mm): Pad 44 [<no net>] of U1 on F.Cu
[solder_mask_bridge]: Front solder mask aperture bridges items with different nets
    Rule: board setup solder mask min width; error
    @(52.0000 mm, 53.0000 mm): Track [<no net>] on F.Cu, length 12.7028 mm
    @(52.0000 mm, 52.8500 mm): Pad 28 [<no net>] of U1 on F.Cu
[solder_mask_bridge]: Front solder mask aperture bridges items with different nets
    Rule: board setup solder mask min width; error
    @(51.2000 mm, 53.0000 mm): Track [<no net>] on F.Cu, length 11.4018 mm
    @(51.2000 mm, 52.8500 mm): Pad 26 [<no net>] of U1 on F.Cu
[solder_mask_bridge]: Front solder mask aperture bridges items with different nets
    Rule: board setup solder mask min width; error
    @(48.8000 mm, 53.0000 mm): Track [<no net>] on F.Cu, length 11.4018 mm
    @(48.8000 mm, 52.8500 mm): Pad 20 [<no net>] of U1 on F.Cu
[solder_mask_bridge]: Front solder mask aperture bridges items with different nets
    Rule: board setup solder mask min width; error
    @(49.6000 mm, 53.0000 mm): Track [<no net>] on F.Cu, length 10.6921 mm
    @(49.6000 mm, 52.8500 mm): Pad 22 [<no net>] of U1 on F.Cu
[solder_mask_bridge]: Front solder mask aperture bridges items with different nets
    Rule: board setup solder mask min width; error
    @(48.0000 mm, 53.0000 mm): Track [<no net>] on F.Cu, length 12.7028 mm
    @(48.0000 mm, 52.8500 mm): Pad 18 [<no net>] of U1 on F.Cu
[track_dangling]: Track has unconnected end
    Local override; warning
    @(52.0000 mm, 53.0000 mm): Track [<no net>] on F.Cu, length 12.7028 mm
[track_dangling]: Track has unconnected end
    Local override; warning
    @(48.8000 mm, 53.0000 mm): Track [<no net>] on F.Cu, length 11.4018 mm
[track_dangling]: Track has unconnected end
    Local override; warning
    @(47.4000 mm, 38.4000 mm): Track [<no net>] on F.Cu, length 7.2011 mm
[track_dangling]: Track has unconnected end
    Local override; warning
    @(49.8000 mm, 38.4000 mm): Track [<no net>] on F.Cu, length 7.0012 mm
[track_dangling]: Track has unconnected end
    Local override; warning
    @(49.6000 mm, 53.0000 mm): Track [<no net>] on F.Cu, length 10.6921 mm
[track_dangling]: Track has unconnected end
    Local override; warning
    @(48.0000 mm, 53.0000 mm): Track [<no net>] on F.Cu, length 12.7028 mm
[track_dangling]: Track has unconnected end
    Local override; warning
    @(45.0000 mm, 38.4000 mm): Track [<no net>] on F.Cu, length 7.7177 mm
[track_dangling]: Track has unconnected end
    Local override; warning
    @(59.0000 mm, 38.4000 mm): Track [<no net>] on F.Cu, length 9.1226 mm
[track_dangling]: Track has unconnected end
    Local override; warning
    @(42.6000 mm, 38.4000 mm): Track [<no net>] on F.Cu, length 8.4933 mm
[track_dangling]: Track has unconnected end
    Local override; warning
    @(54.6000 mm, 38.4000 mm): Track [<no net>] on F.Cu, length 7.6118 mm
[track_dangling]: Track has unconnected end
    Local override; warning
    @(50.4000 mm, 53.0000 mm): Track [<no net>] on F.Cu, length 10.6921 mm
[track_dangling]: Track has unconnected end
    Local override; warning
    @(51.2000 mm, 53.0000 mm): Track [<no net>] on F.Cu, length 11.4018 mm
[track_dangling]: Track has unconnected end
    Local override; warning
    @(40.2000 mm, 38.4000 mm): Track [<no net>] on F.Cu, length 9.4645 mm
[track_dangling]: Track has unconnected end
    Local override; warning
    @(52.2000 mm, 38.4000 mm): Track [<no net>] on F.Cu, length 7.1446 mm
[track_dangling]: Track has unconnected end
    Local override; warning
    @(57.0000 mm, 38.4000 mm): Track [<no net>] on F.Cu, length 8.3488 mm
[via_dangling]: Via is not connected or connected on only one layer
    Local override; warning
    @(41.8000 mm, 62.5000 mm): Via [<no net>] on F.Cu - B.Cu
[via_dangling]: Via is not connected or connected on only one layer
    Local override; warning
    @(54.3000 mm, 43.8000 mm): Via [<no net>] on F.Cu - B.Cu
[via_dangling]: Via is not connected or connected on only one layer
    Local override; warning
    @(47.2000 mm, 42.8000 mm): Via [<no net>] on F.Cu - B.Cu
[via_dangling]: Via is not connected or connected on only one layer
    Local override; warning
    @(51.4000 mm, 42.4000 mm): Via [<no net>] on F.Cu - B.Cu
[via_dangling]: Via is not connected or connected on only one layer
    Local override; warning
    @(58.2000 mm, 62.5000 mm): Via [<no net>] on F.Cu - B.Cu
[text_height]: Text height out of range (board setup constraints silk text height min height 0.8000 mm; actual 0.5200 mm)
    Rule: board setup constraints silk text height; warning
    @(44.0000 mm, 42.6500 mm): PCB text 'sd led' on F.Silkscreen
[text_height]: Text height out of range (board setup constraints silk text height min height 0.8000 mm; actual 0.6200 mm)
    Rule: board setup constraints silk text height; warning
    @(44.0000 mm, 41.6500 mm): PCB text 'snowpaca' on F.Silkscreen
[silk_overlap]: Silkscreen clearance
    Rule: board setup constraints silk; warning
    @(39.6500 mm, 65.4300 mm): Rectangle on F.Silkscreen
    @(41.0000 mm, 64.5433 mm): Arc of D1 on F.Silkscreen
[silk_overlap]: Silkscreen clearance
    Rule: board setup constraints silk; warning
    @(45.8900 mm, 46.6000 mm): Polygon of U1 on F.Silkscreen
    @(45.3922 mm, 46.6400 mm): Segment of C1 on F.Silkscreen
[silk_overlap]: Silkscreen clearance
    Rule: board setup constraints silk; warning
    @(43.2500 mm, 65.4300 mm): Rectangle on F.Silkscreen
    @(44.6000 mm, 64.5433 mm): Arc of D2 on F.Silkscreen
[silk_overlap]: Silkscreen clearance
    Rule: board setup constraints silk; warning
    @(46.8500 mm, 65.4300 mm): Rectangle on F.Silkscreen
    @(48.2000 mm, 64.5433 mm): Arc of D3 on F.Silkscreen
[silk_overlap]: Silkscreen clearance
    Rule: board setup constraints silk; warning
    @(51.8000 mm, 64.5433 mm): Arc of D4 on F.Silkscreen
    @(50.4500 mm, 65.4300 mm): Rectangle on F.Silkscreen
[silk_overlap]: Silkscreen clearance
    Rule: board setup constraints silk; warning
    @(54.0500 mm, 65.4300 mm): Rectangle on F.Silkscreen
    @(55.4000 mm, 64.5433 mm): Arc of D5 on F.Silkscreen
[silk_overlap]: Silkscreen clearance
    Rule: board setup constraints silk; warning
    @(59.0000 mm, 64.5433 mm): Arc of D6 on F.Silkscreen
    @(57.6500 mm, 65.4300 mm): Rectangle on F.Silkscreen
[silk_overlap]: Silkscreen clearance
    Rule: board setup constraints silk; warning
    @(44.0000 mm, 42.6500 mm): PCB text 'sd led' on F.Silkscreen
    @(42.8050 mm, 42.8050 mm): Rectangle on F.Silkscreen
[silk_overlap]: Silkscreen clearance
    Rule: board setup constraints silk; warning
    @(42.8050 mm, 42.6900 mm): Rectangle on F.Silkscreen
    @(44.0000 mm, 42.6500 mm): PCB text 'sd led' on F.Silkscreen
[silk_overlap]: Silkscreen clearance
    Rule: board setup constraints silk; warning
    @(42.8050 mm, 42.5750 mm): Rectangle on F.Silkscreen
    @(44.0000 mm, 42.6500 mm): PCB text 'sd led' on F.Silkscreen
[silk_overlap]: Silkscreen clearance
    Rule: board setup constraints silk; warning
    @(42.9200 mm, 42.5750 mm): Rectangle on F.Silkscreen
    @(44.0000 mm, 42.6500 mm): PCB text 'sd led' on F.Silkscreen
[silk_overlap]: Silkscreen clearance
    Rule: board setup constraints silk; warning
    @(44.0000 mm, 42.6500 mm): PCB text 'sd led' on F.Silkscreen
    @(42.8050 mm, 42.4600 mm): Rectangle on F.Silkscreen
[silk_overlap]: Silkscreen clearance
    Rule: board setup constraints silk; warning
    @(42.9200 mm, 42.4600 mm): Rectangle on F.Silkscreen
    @(44.0000 mm, 42.6500 mm): PCB text 'sd led' on F.Silkscreen
[silk_overlap]: Silkscreen clearance
    Rule: board setup constraints silk; warning
    @(41.7700 mm, 41.8850 mm): Rectangle on F.Silkscreen
    @(44.0000 mm, 41.6500 mm): PCB text 'snowpaca' on F.Silkscreen
[silk_overlap]: Silkscreen clearance
    Rule: board setup constraints silk; warning
    @(41.8850 mm, 41.8850 mm): Rectangle on F.Silkscreen
    @(44.0000 mm, 41.6500 mm): PCB text 'snowpaca' on F.Silkscreen
[silk_overlap]: Silkscreen clearance
    Rule: board setup constraints silk; warning
    @(42.1150 mm, 41.8850 mm): Rectangle on F.Silkscreen
    @(44.0000 mm, 41.6500 mm): PCB text 'snowpaca' on F.Silkscreen
[silk_overlap]: Silkscreen clearance
    Rule: board setup constraints silk; warning
    @(44.0000 mm, 41.6500 mm): PCB text 'snowpaca' on F.Silkscreen
    @(42.0000 mm, 41.6550 mm): Rectangle on F.Silkscreen
[silk_overlap]: Silkscreen clearance
    Rule: board setup constraints silk; warning
    @(42.1150 mm, 41.6550 mm): Rectangle on F.Silkscreen
    @(44.0000 mm, 41.6500 mm): PCB text 'snowpaca' on F.Silkscreen
[silk_overlap]: Silkscreen clearance
    Rule: board setup constraints silk; warning
    @(41.8850 mm, 41.6550 mm): Rectangle on F.Silkscreen
    @(44.0000 mm, 41.6500 mm): PCB text 'snowpaca' on F.Silkscreen
[silk_overlap]: Silkscreen clearance
    Rule: board setup constraints silk; warning
    @(44.0000 mm, 41.6500 mm): PCB text 'snowpaca' on F.Silkscreen
    @(41.7700 mm, 41.6550 mm): Rectangle on F.Silkscreen
[silk_overlap]: Silkscreen clearance
    Rule: board setup constraints silk; warning
    @(41.8850 mm, 41.5400 mm): Rectangle on F.Silkscreen
    @(44.0000 mm, 41.6500 mm): PCB text 'snowpaca' on F.Silkscreen
[silk_overlap]: Silkscreen clearance
    Rule: board setup constraints silk; warning
    @(42.5750 mm, 41.7700 mm): Rectangle on F.Silkscreen
    @(44.0000 mm, 41.6500 mm): PCB text 'snowpaca' on F.Silkscreen
[silk_overlap]: Silkscreen clearance
    Rule: board setup constraints silk; warning
    @(42.5750 mm, 41.8850 mm): Rectangle on F.Silkscreen
    @(44.0000 mm, 41.6500 mm): PCB text 'snowpaca' on F.Silkscreen
[silk_overlap]: Silkscreen clearance
    Rule: board setup constraints silk; warning
    @(42.5750 mm, 41.6550 mm): Rectangle on F.Silkscreen
    @(44.0000 mm, 41.6500 mm): PCB text 'snowpaca' on F.Silkscreen
[silk_overlap]: Silkscreen clearance
    Rule: board setup constraints silk; warning
    @(44.0000 mm, 41.6500 mm): PCB text 'snowpaca' on F.Silkscreen
    @(42.6900 mm, 41.6550 mm): Rectangle on F.Silkscreen
[silk_overlap]: Silkscreen clearance
    Rule: board setup constraints silk; warning
    @(44.0000 mm, 41.6500 mm): PCB text 'snowpaca' on F.Silkscreen
    @(42.6900 mm, 41.7700 mm): Rectangle on F.Silkscreen
[silk_overlap]: Silkscreen clearance
    Rule: board setup constraints silk; warning
    @(44.0000 mm, 41.6500 mm): PCB text 'snowpaca' on F.Silkscreen
    @(42.6900 mm, 41.8850 mm): Rectangle on F.Silkscreen
[silk_overlap]: Silkscreen clearance
    Rule: board setup constraints silk; warning
    @(44.0000 mm, 41.6500 mm): PCB text 'snowpaca' on F.Silkscreen
    @(42.5750 mm, 41.5400 mm): Rectangle on F.Silkscreen
[silk_overlap]: Silkscreen clearance
    Rule: board setup constraints silk; warning
    @(44.0000 mm, 41.6500 mm): PCB text 'snowpaca' on F.Silkscreen
    @(42.6900 mm, 41.5400 mm): Rectangle on F.Silkscreen
[silk_overlap]: Silkscreen clearance
    Rule: board setup constraints silk; warning
    @(44.0000 mm, 41.6500 mm): PCB text 'snowpaca' on F.Silkscreen
    @(42.4600 mm, 41.6550 mm): Rectangle on F.Silkscreen
[silk_overlap]: Silkscreen clearance
    Rule: board setup constraints silk; warning
    @(42.4600 mm, 41.7700 mm): Rectangle on F.Silkscreen
    @(44.0000 mm, 41.6500 mm): PCB text 'snowpaca' on F.Silkscreen
[silk_overlap]: Silkscreen clearance
    Rule: board setup constraints silk; warning
    @(42.4600 mm, 41.8850 mm): Rectangle on F.Silkscreen
    @(44.0000 mm, 41.6500 mm): PCB text 'snowpaca' on F.Silkscreen
[silk_overlap]: Silkscreen clearance
    Rule: board setup constraints silk; warning
    @(41.8850 mm, 41.4250 mm): Rectangle on F.Silkscreen
    @(44.0000 mm, 41.6500 mm): PCB text 'snowpaca' on F.Silkscreen
[silk_overlap]: Silkscreen clearance
    Rule: board setup constraints silk; warning
    @(42.0000 mm, 41.4250 mm): Rectangle on F.Silkscreen
    @(44.0000 mm, 41.6500 mm): PCB text 'snowpaca' on F.Silkscreen
[silk_overlap]: Silkscreen clearance
    Rule: board setup constraints silk; warning
    @(44.0000 mm, 41.6500 mm): PCB text 'snowpaca' on F.Silkscreen
    @(42.0000 mm, 41.5400 mm): Rectangle on F.Silkscreen
[silk_overlap]: Silkscreen clearance
    Rule: board setup constraints silk; warning
    @(44.0000 mm, 41.6500 mm): PCB text 'snowpaca' on F.Silkscreen
    @(42.1150 mm, 41.5400 mm): Rectangle on F.Silkscreen
[silk_overlap]: Silkscreen clearance
    Rule: board setup constraints silk; warning
    @(42.3450 mm, 41.4250 mm): Rectangle on F.Silkscreen
    @(44.0000 mm, 41.6500 mm): PCB text 'snowpaca' on F.Silkscreen
[silk_overlap]: Silkscreen clearance
    Rule: board setup constraints silk; warning
    @(42.3450 mm, 41.5400 mm): Rectangle on F.Silkscreen
    @(44.0000 mm, 41.6500 mm): PCB text 'snowpaca' on F.Silkscreen
[silk_overlap]: Silkscreen clearance
    Rule: board setup constraints silk; warning
    @(42.3450 mm, 41.6550 mm): Rectangle on F.Silkscreen
    @(44.0000 mm, 41.6500 mm): PCB text 'snowpaca' on F.Silkscreen
[silk_overlap]: Silkscreen clearance
    Rule: board setup constraints silk; warning
    @(42.3450 mm, 41.7700 mm): Rectangle on F.Silkscreen
    @(44.0000 mm, 41.6500 mm): PCB text 'snowpaca' on F.Silkscreen
[silk_overlap]: Silkscreen clearance
    Rule: board setup constraints silk; warning
    @(42.3450 mm, 41.8850 mm): Rectangle on F.Silkscreen
    @(44.0000 mm, 41.6500 mm): PCB text 'snowpaca' on F.Silkscreen
[silk_overlap]: Silkscreen clearance
    Rule: board setup constraints silk; warning
    @(44.0000 mm, 41.6500 mm): PCB text 'snowpaca' on F.Silkscreen
    @(42.4600 mm, 41.4250 mm): Rectangle on F.Silkscreen
[silk_overlap]: Silkscreen clearance
    Rule: board setup constraints silk; warning
    @(42.4600 mm, 41.5400 mm): Rectangle on F.Silkscreen
    @(44.0000 mm, 41.6500 mm): PCB text 'snowpaca' on F.Silkscreen
[silk_overlap]: Silkscreen clearance
    Rule: board setup constraints silk; warning
    @(42.5750 mm, 41.4250 mm): Rectangle on F.Silkscreen
    @(44.0000 mm, 41.6500 mm): PCB text 'snowpaca' on F.Silkscreen
[silk_overlap]: Silkscreen clearance
    Rule: board setup constraints silk; warning
    @(44.0000 mm, 41.6500 mm): PCB text 'snowpaca' on F.Silkscreen
    @(42.6900 mm, 41.4250 mm): Rectangle on F.Silkscreen
[silk_overlap]: Silkscreen clearance
    Rule: board setup constraints silk; warning
    @(44.0000 mm, 41.6500 mm): PCB text 'snowpaca' on F.Silkscreen
    @(42.9200 mm, 41.4250 mm): Rectangle on F.Silkscreen
[silk_overlap]: Silkscreen clearance
    Rule: board setup constraints silk; warning
    @(43.0350 mm, 41.4250 mm): Rectangle on F.Silkscreen
    @(44.0000 mm, 41.6500 mm): PCB text 'snowpaca' on F.Silkscreen
[silk_overlap]: Silkscreen clearance
    Rule: board setup constraints silk; warning
    @(43.0350 mm, 41.5400 mm): Rectangle on F.Silkscreen
    @(44.0000 mm, 41.6500 mm): PCB text 'snowpaca' on F.Silkscreen
[silk_overlap]: Silkscreen clearance
    Rule: board setup constraints silk; warning
    @(42.8050 mm, 41.5400 mm): Rectangle on F.Silkscreen
    @(44.0000 mm, 41.6500 mm): PCB text 'snowpaca' on F.Silkscreen
[silk_overlap]: Silkscreen clearance
    Rule: board setup constraints silk; warning
    @(42.8050 mm, 41.6550 mm): Rectangle on F.Silkscreen
    @(44.0000 mm, 41.6500 mm): PCB text 'snowpaca' on F.Silkscreen
[silk_overlap]: Silkscreen clearance
    Rule: board setup constraints silk; warning
    @(42.9200 mm, 41.5400 mm): Rectangle on F.Silkscreen
    @(44.0000 mm, 41.6500 mm): PCB text 'snowpaca' on F.Silkscreen
[silk_overlap]: Silkscreen clearance
    Rule: board setup constraints silk; warning
    @(42.9200 mm, 41.6550 mm): Rectangle on F.Silkscreen
    @(44.0000 mm, 41.6500 mm): PCB text 'snowpaca' on F.Silkscreen
[silk_overlap]: Silkscreen clearance
    Rule: board setup constraints silk; warning
    @(44.0000 mm, 41.6500 mm): PCB text 'snowpaca' on F.Silkscreen
    @(42.8050 mm, 41.7700 mm): Rectangle on F.Silkscreen
[silk_overlap]: Silkscreen clearance
    Rule: board setup constraints silk; warning
    @(42.9200 mm, 41.7700 mm): Rectangle on F.Silkscreen
    @(44.0000 mm, 41.6500 mm): PCB text 'snowpaca' on F.Silkscreen
[silk_overlap]: Silkscreen clearance
    Rule: board setup constraints silk; warning
    @(42.9200 mm, 41.8850 mm): Rectangle on F.Silkscreen
    @(44.0000 mm, 41.6500 mm): PCB text 'snowpaca' on F.Silkscreen
[silk_overlap]: Silkscreen clearance
    Rule: board setup constraints silk; warning
    @(43.0350 mm, 41.7700 mm): Rectangle on F.Silkscreen
    @(44.0000 mm, 41.6500 mm): PCB text 'snowpaca' on F.Silkscreen
[silk_overlap]: Silkscreen clearance
    Rule: board setup constraints silk; warning
    @(44.0000 mm, 41.6500 mm): PCB text 'snowpaca' on F.Silkscreen
    @(43.0350 mm, 41.8850 mm): Rectangle on F.Silkscreen
[silk_overlap]: Silkscreen clearance
    Rule: board setup constraints silk; warning
    @(44.0000 mm, 42.6500 mm): PCB text 'sd led' on F.Silkscreen
    @(43.0350 mm, 42.4600 mm): Rectangle on F.Silkscreen
[silk_over_copper]: Silkscreen clipped by solder mask
    Local override; warning
    @(42.6400 mm, 63.9800 mm): Segment of D2 on F.Silkscreen
    @(42.4250 mm, 64.2500 mm): Pad 4 [<no net>] of D1 on F.Cu
[silk_over_copper]: Silkscreen clipped by solder mask
    Local override; warning
    @(45.8900 mm, 46.6000 mm): Polygon of U1 on F.Silkscreen
    @(45.9800 mm, 47.0000 mm): Pad 2 [<no net>] of C1 on F.Cu
[silk_over_copper]: Silkscreen clipped by solder mask
    Local override; warning
    @(46.2400 mm, 63.9800 mm): Segment of D3 on F.Silkscreen
    @(46.0250 mm, 64.2500 mm): Pad 4 [<no net>] of D2 on F.Cu
[silk_over_copper]: Silkscreen clipped by solder mask
    Local override; warning
    @(49.8400 mm, 63.9800 mm): Segment of D4 on F.Silkscreen
    @(49.6250 mm, 64.2500 mm): Pad 4 [<no net>] of D3 on F.Cu
[silk_over_copper]: Silkscreen clipped by solder mask
    Local override; warning
    @(53.4400 mm, 63.9800 mm): Segment of D5 on F.Silkscreen
    @(53.2250 mm, 64.2500 mm): Pad 4 [<no net>] of D4 on F.Cu
[silk_over_copper]: Silkscreen clipped by solder mask
    Local override; warning
    @(57.0400 mm, 63.9800 mm): Segment of D6 on F.Silkscreen
    @(56.8250 mm, 64.2500 mm): Pad 4 [<no net>] of D5 on F.Cu

** Found 0 unconnected pads **

** Found 0 Footprint errors **

** Ignored checks **
    - Footprint has no courtyard defined
    - Track endpoint not centered on via
    - Tuning profile track geometries
    - Footprint doesn't match symbol's footprint filters
    - Footprint component type doesn't match footprint pads

** End of Report **
